

==================================================================================
=== CALIBRE::DRC-H SUMMARY REPORT
===
Execution Date/Time:       Fri Feb 27 00:41:28 2026
Calibre Version:           v2020.2_14.12    Thu Apr 2 15:39:27 PDT 2020
Rule File Pathname:        /home/user01/verification/proj1_tsmc65/tsmcN65/drc/_CN65_WIRE_BOND_9M_6X1Z1U.20a_
Rule File Title:           
Layout System:             GDS
Layout Path(s):            gds/padring.gds.gz
Layout Primary Cell:       padring
Current Directory:         /home/user01/verification/proj1_tsmc65/tsmcN65/drc
User Name:                 user01
Maximum Results/RuleCheck: ALL
Maximum Result Vertices:   4294967294
DRC Results Database:      padring.drc.results (ASCII)
Layout Depth:              ALL
Text Depth:                PRIMARY
Summary Report File:       padring.drc.summary (REPLACE)
Geometry Flagging:         ACUTE = YES  SKEW = YES  ANGLED = NO  OFFGRID = YES
                           NONSIMPLE POLYGON = YES  NONSIMPLE PATH = NO
Excluded Cells:           
CheckText Mapping:         ALL TEXT
Layers:                    MEMORY-BASED
Keep Empty Checks:         NO
----------------------------------------------------------------------------------
--- RUNTIME WARNINGS
---
Layer 74 contains unmapped objects and is the source layer of LAYER MAP == 74 DATATYPE == 10.
----------------------------------------------------------------------------------
--- ORIGINAL LAYER STATISTICS
---
LAYER FW_AP .... TOTAL Original Geometry Count = 0 (0)
LAYER FW_Cu .... TOTAL Original Geometry Count = 0 (0)
LAYER RVi ...... TOTAL Original Geometry Count = 0 (0)
LAYER CB2i ..... TOTAL Original Geometry Count = 1 (88)
LAYER CBi ...... TOTAL Original Geometry Count = 1 (88)
LAYER M1i ...... TOTAL Original Geometry Count = 0 (0)
LAYER M2i ...... TOTAL Original Geometry Count = 0 (0)
LAYER M3i ...... TOTAL Original Geometry Count = 0 (0)
LAYER M4i ...... TOTAL Original Geometry Count = 0 (0)
LAYER M5i ...... TOTAL Original Geometry Count = 0 (0)
LAYER M6i ...... TOTAL Original Geometry Count = 0 (0)
LAYER M7i ...... TOTAL Original Geometry Count = 0 (0)
LAYER M8i ...... TOTAL Original Geometry Count = 0 (0)
LAYER M9i ...... TOTAL Original Geometry Count = 0 (0)
LAYER VIA1i .... TOTAL Original Geometry Count = 0 (0)
LAYER VIA2i .... TOTAL Original Geometry Count = 0 (0)
LAYER VIA3i .... TOTAL Original Geometry Count = 0 (0)
LAYER VIA4i .... TOTAL Original Geometry Count = 0 (0)
LAYER VIA5i .... TOTAL Original Geometry Count = 0 (0)
LAYER VIA6i .... TOTAL Original Geometry Count = 0 (0)
LAYER VIA7i .... TOTAL Original Geometry Count = 0 (0)
LAYER VIA8i .... TOTAL Original Geometry Count = 0 (0)
LAYER PMDMY .... TOTAL Original Geometry Count = 0 (0)
LAYER PMi ...... TOTAL Original Geometry Count = 0 (0)
LAYER APi ...... TOTAL Original Geometry Count = 1 (88)
LAYER UBMi ..... TOTAL Original Geometry Count = 0 (0)
LAYER EMPTY1 ... TOTAL Original Geometry Count = 0 (0)
LAYER EMPTY2 ... TOTAL Original Geometry Count = 0 (0)
LAYER EMPTY3 ... TOTAL Original Geometry Count = 0 (0)
LAYER WBDMY .... TOTAL Original Geometry Count = 0 (0)
LAYER ODi ...... TOTAL Original Geometry Count = 0 (0)
LAYER CDUDMY ... TOTAL Original Geometry Count = 0 (0)
LAYER LMARK .... TOTAL Original Geometry Count = 0 (0)
----------------------------------------------------------------------------------
--- RULECHECK RESULTS STATISTICS
---
RULECHECK DummyRule.ODi .......... TOTAL Result Count = 0  (0)
RULECHECK CB.W.1.P60.SI .......... TOTAL Result Count = 0  (0)
RULECHECK CB.S.1.P60.SI .......... TOTAL Result Count = 0  (0)
RULECHECK CB.W.2.P60.SI .......... TOTAL Result Count = 0  (0)
RULECHECK CB.EN.1.M1.SI .......... TOTAL Result Count = 8  (704)
RULECHECK CB.EN.1.M2.SI .......... TOTAL Result Count = 8  (704)
RULECHECK CB.EN.1.M3.SI .......... TOTAL Result Count = 8  (704)
RULECHECK CB.EN.1.M4.SI .......... TOTAL Result Count = 8  (704)
RULECHECK CB.EN.1.M5.SI .......... TOTAL Result Count = 8  (704)
RULECHECK CB.EN.1.M6.SI .......... TOTAL Result Count = 8  (704)
RULECHECK CB.EN.1.M7.SI .......... TOTAL Result Count = 8  (704)
RULECHECK CB.EN.1.M8.SI .......... TOTAL Result Count = 8  (704)
RULECHECK CB.EN.1.M9.SI .......... TOTAL Result Count = 8  (704)
RULECHECK CB.EN.1.M1.ST .......... TOTAL Result Count = 0  (0)
RULECHECK CB.EN.1.M2.ST .......... TOTAL Result Count = 0  (0)
RULECHECK CB.EN.1.M3.ST .......... TOTAL Result Count = 0  (0)
RULECHECK CB.EN.1.M4.ST .......... TOTAL Result Count = 0  (0)
RULECHECK CB.EN.1.M5.ST .......... TOTAL Result Count = 0  (0)
RULECHECK CB.EN.1.M6.ST .......... TOTAL Result Count = 0  (0)
RULECHECK CB.EN.1.M7.ST .......... TOTAL Result Count = 0  (0)
RULECHECK CB.EN.1.M8.ST .......... TOTAL Result Count = 0  (0)
RULECHECK CB.EN.1.M9.ST .......... TOTAL Result Count = 0  (0)
RULECHECK CB.W.1.P80.TR .......... TOTAL Result Count = 0  (0)
RULECHECK CB.W.2.P80.TR .......... TOTAL Result Count = 0  (0)
RULECHECK CB.S.1.P80.TR .......... TOTAL Result Count = 0  (0)
RULECHECK CB.W.3a.M1.TR .......... TOTAL Result Count = 0  (0)
RULECHECK CB.W.3a.M2.TR .......... TOTAL Result Count = 0  (0)
RULECHECK CB.W.3a.M3.TR .......... TOTAL Result Count = 0  (0)
RULECHECK CB.W.3a.M4.TR .......... TOTAL Result Count = 0  (0)
RULECHECK CB.W.3a.M5.TR .......... TOTAL Result Count = 0  (0)
RULECHECK CB.W.3a.M6.TR .......... TOTAL Result Count = 0  (0)
RULECHECK CB.W.3b.M2.TR .......... TOTAL Result Count = 0  (0)
RULECHECK CB.W.3b.M3.TR .......... TOTAL Result Count = 0  (0)
RULECHECK CB.W.3b.M4.TR .......... TOTAL Result Count = 0  (0)
RULECHECK CB.W.3b.M5.TR .......... TOTAL Result Count = 0  (0)
RULECHECK CB.W.3b.M6.TR .......... TOTAL Result Count = 0  (0)
RULECHECK CB.EN.1.M1.TR .......... TOTAL Result Count = 0  (0)
RULECHECK CB.EN.1.M2.TR .......... TOTAL Result Count = 0  (0)
RULECHECK CB.EN.1.M3.TR .......... TOTAL Result Count = 0  (0)
RULECHECK CB.EN.1.M4.TR .......... TOTAL Result Count = 0  (0)
RULECHECK CB.EN.1.M5.TR .......... TOTAL Result Count = 0  (0)
RULECHECK CB.EN.1.M6.TR .......... TOTAL Result Count = 0  (0)
RULECHECK CB.EN.1.M7.TR .......... TOTAL Result Count = 0  (0)
RULECHECK CB.EN.1.M8.TR .......... TOTAL Result Count = 0  (0)
RULECHECK CB.EN.1.M9.TR .......... TOTAL Result Count = 0  (0)
RULECHECK CB.S.2.M1 .............. TOTAL Result Count = 0  (0)
RULECHECK CB.S.2.M2 .............. TOTAL Result Count = 0  (0)
RULECHECK CB.S.2.M3 .............. TOTAL Result Count = 0  (0)
RULECHECK CB.S.2.M4 .............. TOTAL Result Count = 0  (0)
RULECHECK CB.S.2.M5 .............. TOTAL Result Count = 0  (0)
RULECHECK CB.S.2.M6 .............. TOTAL Result Count = 0  (0)
RULECHECK CB.S.2.M7 .............. TOTAL Result Count = 0  (0)
RULECHECK CB.S.2.M8 .............. TOTAL Result Count = 0  (0)
RULECHECK CB.S.2.M9 .............. TOTAL Result Count = 0  (0)
RULECHECK CB.S.2.M8.CUP .......... TOTAL Result Count = 0  (0)
RULECHECK CB.S.2.M9.CUP .......... TOTAL Result Count = 0  (0)
RULECHECK CB.S.2.AP.CUP .......... TOTAL Result Count = 0  (0)
RULECHECK CB.S.3 ................. TOTAL Result Count = 0  (0)
RULECHECK CB.R.5a.SI ............. TOTAL Result Count = 17 (1496)
RULECHECK CB.R.5b.SI ............. TOTAL Result Count = 1  (88)
RULECHECK CB.R.5c.SI ............. TOTAL Result Count = 8  (704)
RULECHECK CB.R.5d.SI ............. TOTAL Result Count = 0  (0)
RULECHECK CB.R.5a.ST ............. TOTAL Result Count = 0  (0)
RULECHECK CB.R.5b.ST ............. TOTAL Result Count = 0  (0)
RULECHECK CB.R.5c.ST ............. TOTAL Result Count = 0  (0)
RULECHECK CB.R.5d.ST ............. TOTAL Result Count = 0  (0)
RULECHECK CB.R.5a.TR ............. TOTAL Result Count = 0  (0)
RULECHECK CB.R.5b.TR ............. TOTAL Result Count = 0  (0)
RULECHECK CB.R.5c.TR ............. TOTAL Result Count = 0  (0)
RULECHECK CB.R.5d.TR ............. TOTAL Result Count = 0  (0)
RULECHECK CB.R.5e ................ TOTAL Result Count = 0  (0)
RULECHECK CB.R.6 ................. TOTAL Result Count = 0  (0)
RULECHECK CB.R.6.M1 .............. TOTAL Result Count = 0  (0)
RULECHECK CB.R.6.M2 .............. TOTAL Result Count = 0  (0)
RULECHECK CB.R.6.M3 .............. TOTAL Result Count = 0  (0)
RULECHECK CB.R.6.M4 .............. TOTAL Result Count = 0  (0)
RULECHECK CB.R.6.M5 .............. TOTAL Result Count = 0  (0)
RULECHECK CB.R.6.M6 .............. TOTAL Result Count = 0  (0)
RULECHECK CB.R.6.M7 .............. TOTAL Result Count = 0  (0)
RULECHECK CB.R.6.M8 .............. TOTAL Result Count = 0  (0)
RULECHECK CB.R.6.M9 .............. TOTAL Result Count = 0  (0)
RULECHECK CBVIA1.W.2 ............. TOTAL Result Count = 0  (0)
RULECHECK CBVIA1.S.3 ............. TOTAL Result Count = 0  (0)
RULECHECK CBVIA1.EN.4 ............ TOTAL Result Count = 0  (0)
RULECHECK CBVIA1.R.4 ............. TOTAL Result Count = 0  (0)
RULECHECK CBVIA2.W.2 ............. TOTAL Result Count = 0  (0)
RULECHECK CBVIA2.S.3 ............. TOTAL Result Count = 0  (0)
RULECHECK CBVIA2.EN.4 ............ TOTAL Result Count = 0  (0)
RULECHECK CBVIA2.R.4 ............. TOTAL Result Count = 0  (0)
RULECHECK CBVIA3.W.2 ............. TOTAL Result Count = 0  (0)
RULECHECK CBVIA3.S.3 ............. TOTAL Result Count = 0  (0)
RULECHECK CBVIA3.EN.4 ............ TOTAL Result Count = 0  (0)
RULECHECK CBVIA3.R.4 ............. TOTAL Result Count = 0  (0)
RULECHECK CBVIA4.W.2 ............. TOTAL Result Count = 0  (0)
RULECHECK CBVIA4.S.3 ............. TOTAL Result Count = 0  (0)
RULECHECK CBVIA4.EN.4 ............ TOTAL Result Count = 0  (0)
RULECHECK CBVIA4.R.4 ............. TOTAL Result Count = 0  (0)
RULECHECK CBVIA5.W.2 ............. TOTAL Result Count = 0  (0)
RULECHECK CBVIA5.S.3 ............. TOTAL Result Count = 0  (0)
RULECHECK CBVIA5.EN.4 ............ TOTAL Result Count = 0  (0)
RULECHECK CBVIA5.R.4 ............. TOTAL Result Count = 0  (0)
RULECHECK CBVIA6.W.2 ............. TOTAL Result Count = 0  (0)
RULECHECK CBVIA6.S.3 ............. TOTAL Result Count = 0  (0)
RULECHECK CBVIA6.EN.4 ............ TOTAL Result Count = 0  (0)
RULECHECK CBVIA6.R.4 ............. TOTAL Result Count = 0  (0)
RULECHECK CBVIA7.W.2 ............. TOTAL Result Count = 0  (0)
RULECHECK CBVIA7.EN.2 ............ TOTAL Result Count = 0  (0)
RULECHECK CBVIA7.S.3 ............. TOTAL Result Count = 0  (0)
RULECHECK CBVIA7.R.4 ............. TOTAL Result Count = 0  (0)
RULECHECK CBVIA8.W.2 ............. TOTAL Result Count = 0  (0)
RULECHECK CBVIA8.EN.2 ............ TOTAL Result Count = 0  (0)
RULECHECK CBVIA8.S.3 ............. TOTAL Result Count = 0  (0)
RULECHECK CBVIA8.R.4 ............. TOTAL Result Count = 0  (0)
RULECHECK CBVIA1.R.3.OUTER ....... TOTAL Result Count = 1  (88)
RULECHECK CBVIA1.R.3.1 ........... TOTAL Result Count = 0  (0)
RULECHECK CBVIA2.R.3.OUTER ....... TOTAL Result Count = 1  (88)
RULECHECK CBVIA2.R.3.1 ........... TOTAL Result Count = 0  (0)
RULECHECK CBVIA3.R.3.OUTER ....... TOTAL Result Count = 1  (88)
RULECHECK CBVIA3.R.3.1 ........... TOTAL Result Count = 0  (0)
RULECHECK CBVIA4.R.3.OUTER ....... TOTAL Result Count = 1  (88)
RULECHECK CBVIA4.R.3.1 ........... TOTAL Result Count = 0  (0)
RULECHECK CBVIA5.R.3.OUTER ....... TOTAL Result Count = 1  (88)
RULECHECK CBVIA5.R.3.1 ........... TOTAL Result Count = 0  (0)
RULECHECK CBVIA6.R.3.OUTER ....... TOTAL Result Count = 1  (88)
RULECHECK CBVIA6.R.3.1 ........... TOTAL Result Count = 0  (0)
RULECHECK CBVIA7.R.3.OUTER ....... TOTAL Result Count = 1  (88)
RULECHECK CBVIA7.R.3.MID.INNER ... TOTAL Result Count = 0  (0)
RULECHECK CBVIA8.R.3.OUTER ....... TOTAL Result Count = 1  (88)
RULECHECK CBVIA8.R.3.MID.INNER ... TOTAL Result Count = 0  (0)
RULECHECK CBM1.W.2 ............... TOTAL Result Count = 0  (0)
RULECHECK CBM2.W.2 ............... TOTAL Result Count = 0  (0)
RULECHECK CBM3.W.2 ............... TOTAL Result Count = 0  (0)
RULECHECK CBM4.W.2 ............... TOTAL Result Count = 0  (0)
RULECHECK CBM5.W.2 ............... TOTAL Result Count = 0  (0)
RULECHECK CBM6.W.2 ............... TOTAL Result Count = 0  (0)
RULECHECK CBM7.W.2 ............... TOTAL Result Count = 0  (0)
RULECHECK CBM8.W.2 ............... TOTAL Result Count = 0  (0)
RULECHECK CBM1.W.3 ............... TOTAL Result Count = 0  (0)
RULECHECK CBM2.W.3 ............... TOTAL Result Count = 0  (0)
RULECHECK CBM3.W.3 ............... TOTAL Result Count = 0  (0)
RULECHECK CBM4.W.3 ............... TOTAL Result Count = 0  (0)
RULECHECK CBM5.W.3 ............... TOTAL Result Count = 0  (0)
RULECHECK CBM6.W.3 ............... TOTAL Result Count = 0  (0)
RULECHECK CBM7.W.3 ............... TOTAL Result Count = 0  (0)
RULECHECK CBM8.W.3 ............... TOTAL Result Count = 0  (0)
RULECHECK CBM1.S.2 ............... TOTAL Result Count = 0  (0)
RULECHECK CBM2.S.2 ............... TOTAL Result Count = 0  (0)
RULECHECK CBM3.S.2 ............... TOTAL Result Count = 0  (0)
RULECHECK CBM4.S.2 ............... TOTAL Result Count = 0  (0)
RULECHECK CBM5.S.2 ............... TOTAL Result Count = 0  (0)
RULECHECK CBM6.S.2 ............... TOTAL Result Count = 0  (0)
RULECHECK CBM7.S.2 ............... TOTAL Result Count = 0  (0)
RULECHECK CBM8.S.2 ............... TOTAL Result Count = 0  (0)
RULECHECK CBM1.S.3 ............... TOTAL Result Count = 0  (0)
RULECHECK CBM2.S.3 ............... TOTAL Result Count = 0  (0)
RULECHECK CBM3.S.3 ............... TOTAL Result Count = 0  (0)
RULECHECK CBM4.S.3 ............... TOTAL Result Count = 0  (0)
RULECHECK CBM5.S.3 ............... TOTAL Result Count = 0  (0)
RULECHECK CBM6.S.3 ............... TOTAL Result Count = 0  (0)
RULECHECK CBM7.S.3 ............... TOTAL Result Count = 0  (0)
RULECHECK CBM8.S.3 ............... TOTAL Result Count = 0  (0)
RULECHECK CUPCB.EN.6.AP .......... TOTAL Result Count = 0  (0)
RULECHECK CUPCB.EN.6.M8 .......... TOTAL Result Count = 0  (0)
RULECHECK CUPCB.EN.6.M9 .......... TOTAL Result Count = 0  (0)
RULECHECK CUPCB.EN.7.M8 .......... TOTAL Result Count = 0  (0)
RULECHECK CUPCB.EN.7.M9 .......... TOTAL Result Count = 0  (0)
RULECHECK CUPCB.R.7 .............. TOTAL Result Count = 0  (0)
RULECHECK CUPCB.R.9.CB ........... TOTAL Result Count = 0  (0)
RULECHECK CUPCB.R.9.M9 ........... TOTAL Result Count = 0  (0)
RULECHECK CUPCB.R.9.M8 ........... TOTAL Result Count = 0  (0)
RULECHECK CUPCB.R.9.AP ........... TOTAL Result Count = 0  (0)
RULECHECK CUPVIAT.W.1 ............ TOTAL Result Count = 0  (0)
RULECHECK CUPVIAT.S.1 ............ TOTAL Result Count = 0  (0)
RULECHECK CUPVIAT.EN.1.M9 ........ TOTAL Result Count = 0  (0)
RULECHECK CUPVIAT.EN.1.M8 ........ TOTAL Result Count = 0  (0)
RULECHECK CUPVIAT.DN.1 ........... TOTAL Result Count = 0  (0)
RULECHECK CUPVIAT.DN.2 ........... TOTAL Result Count = 0  (0)
RULECHECK PM.W.1 ................. TOTAL Result Count = 0  (0)
RULECHECK PM.W.2 ................. TOTAL Result Count = 0  (0)
RULECHECK PM.S.1 ................. TOTAL Result Count = 0  (0)
RULECHECK PM.EN.1 ................ TOTAL Result Count = 0  (0)
RULECHECK PM.R.3 ................. TOTAL Result Count = 0  (0)
RULECHECK RV.W.1 ................. TOTAL Result Count = 0  (0)
RULECHECK RV.S.1 ................. TOTAL Result Count = 0  (0)
RULECHECK RV.S.3 ................. TOTAL Result Count = 0  (0)
RULECHECK RV.EN.1 ................ TOTAL Result Count = 0  (0)
RULECHECK RV.R.1 ................. TOTAL Result Count = 0  (0)
RULECHECK RV.R.2 ................. TOTAL Result Count = 0  (0)
RULECHECK AP.W.1 ................. TOTAL Result Count = 0  (0)
RULECHECK AP.W.2 ................. TOTAL Result Count = 0  (0)
RULECHECK AP.S.1 ................. TOTAL Result Count = 0  (0)
RULECHECK AP.S.1.1 ............... TOTAL Result Count = 0  (0)
RULECHECK AP.S.2 ................. TOTAL Result Count = 0  (0)
RULECHECK AP.S.3 ................. TOTAL Result Count = 0  (0)
RULECHECK AP.S.4 ................. TOTAL Result Count = 0  (0)
RULECHECK AP.EN.1 ................ TOTAL Result Count = 0  (0)
RULECHECK AP.EN.2 ................ TOTAL Result Count = 0  (0)
RULECHECK AP.DN.1.L .............. TOTAL Result Count = 0  (0)
RULECHECK AP.DN.1.H .............. TOTAL Result Count = 0  (0)
----------------------------------------------------------------------------------
--- RULECHECK RESULTS STATISTICS (BY CELL)
---
CELL PAD ......................... TOTAL Result Count = 106 (9328)
    RULECHECK CB.EN.1.M1.SI ...... TOTAL Result Count = 8   (704)
    RULECHECK CB.EN.1.M2.SI ...... TOTAL Result Count = 8   (704)
    RULECHECK CB.EN.1.M3.SI ...... TOTAL Result Count = 8   (704)
    RULECHECK CB.EN.1.M4.SI ...... TOTAL Result Count = 8   (704)
    RULECHECK CB.EN.1.M5.SI ...... TOTAL Result Count = 8   (704)
    RULECHECK CB.EN.1.M6.SI ...... TOTAL Result Count = 8   (704)
    RULECHECK CB.EN.1.M7.SI ...... TOTAL Result Count = 8   (704)
    RULECHECK CB.EN.1.M8.SI ...... TOTAL Result Count = 8   (704)
    RULECHECK CB.EN.1.M9.SI ...... TOTAL Result Count = 8   (704)
    RULECHECK CB.R.5a.SI ......... TOTAL Result Count = 17  (1496)
    RULECHECK CB.R.5b.SI ......... TOTAL Result Count = 1   (88)
    RULECHECK CB.R.5c.SI ......... TOTAL Result Count = 8   (704)
    RULECHECK CBVIA1.R.3.OUTER ... TOTAL Result Count = 1   (88)
    RULECHECK CBVIA2.R.3.OUTER ... TOTAL Result Count = 1   (88)
    RULECHECK CBVIA3.R.3.OUTER ... TOTAL Result Count = 1   (88)
    RULECHECK CBVIA4.R.3.OUTER ... TOTAL Result Count = 1   (88)
    RULECHECK CBVIA5.R.3.OUTER ... TOTAL Result Count = 1   (88)
    RULECHECK CBVIA6.R.3.OUTER ... TOTAL Result Count = 1   (88)
    RULECHECK CBVIA7.R.3.OUTER ... TOTAL Result Count = 1   (88)
    RULECHECK CBVIA8.R.3.OUTER ... TOTAL Result Count = 1   (88)
----------------------------------------------------------------------------------
--- SUMMARY
---
TOTAL CPU Time:                  0
TOTAL REAL Time:                 2
TOTAL Original Layer Geometries: 3 (264)
TOTAL DRC RuleChecks Executed:   199
TOTAL DRC Results Generated:     106 (9328)
